// Jest Snapshot v1, https://goo.gl/fbAQLP

exports[`testPropertiesParser Properties parse and second intermediate representation is the file as a string 1`] = `
[
  IntermediateRepresentation {
    "filePath": "./test/testfiles/test3_de-DE.properties",
    "ir": [
      ResourceString {
        "autoKey": false,
        "comment": undefined,
        "context": undefined,
        "datatype": "properties",
        "dirty": false,
        "dnt": undefined,
        "flavor": undefined,
        "formatted": undefined,
        "id": undefined,
        "index": undefined,
        "instances": [],
        "localize": true,
        "location": undefined,
        "origin": "source",
        "pathName": "./test/testfiles/test3_de-DE.properties",
        "project": undefined,
        "resType": "string",
        "reskey": "resource1",
        "source": undefined,
        "sourceHash": undefined,
        "sourceLocale": "en-US",
        "state": "new",
        "target": "Umsetzung 1",
        "targetLocale": "de-DE",
      },
      ResourceString {
        "autoKey": false,
        "comment": undefined,
        "context": undefined,
        "datatype": "properties",
        "dirty": false,
        "dnt": undefined,
        "flavor": undefined,
        "formatted": undefined,
        "id": undefined,
        "index": undefined,
        "instances": [],
        "localize": true,
        "location": undefined,
        "origin": "source",
        "pathName": "./test/testfiles/test3_de-DE.properties",
        "project": undefined,
        "resType": "string",
        "reskey": "resource2",
        "source": "translation 2",
        "sourceHash": undefined,
        "sourceLocale": "en-US",
        "state": "new",
        "target": "Umsetzung 2",
        "targetLocale": "de-DE",
      },
      ResourceString {
        "autoKey": false,
        "comment": "comment for resource3",
        "context": undefined,
        "datatype": "properties",
        "dirty": false,
        "dnt": undefined,
        "flavor": undefined,
        "formatted": undefined,
        "id": undefined,
        "index": undefined,
        "instances": [],
        "localize": true,
        "location": undefined,
        "origin": "source",
        "pathName": "./test/testfiles/test3_de-DE.properties",
        "project": undefined,
        "resType": "string",
        "reskey": "resource3",
        "source": "translation 3",
        "sourceHash": undefined,
        "sourceLocale": "en-US",
        "state": "new",
        "target": "Umsetzung 3",
        "targetLocale": "de-DE",
      },
      ResourceString {
        "autoKey": false,
        "comment": undefined,
        "context": undefined,
        "datatype": "properties",
        "dirty": false,
        "dnt": undefined,
        "flavor": undefined,
        "formatted": undefined,
        "id": undefined,
        "index": undefined,
        "instances": [],
        "localize": true,
        "location": undefined,
        "origin": "source",
        "pathName": "./test/testfiles/test3_de-DE.properties",
        "project": undefined,
        "resType": "string",
        "reskey": "resource4",
        "source": undefined,
        "sourceHash": undefined,
        "sourceLocale": "en-US",
        "state": "new",
        "target": "Umsetzung 4",
        "targetLocale": "de-DE",
      },
      ResourceString {
        "autoKey": false,
        "comment": undefined,
        "context": undefined,
        "datatype": "properties",
        "dirty": false,
        "dnt": undefined,
        "flavor": undefined,
        "formatted": undefined,
        "id": undefined,
        "index": undefined,
        "instances": [],
        "localize": true,
        "location": undefined,
        "origin": "source",
        "pathName": "./test/testfiles/test3_de-DE.properties",
        "project": undefined,
        "resType": "string",
        "reskey": "resource5",
        "source": undefined,
        "sourceHash": undefined,
        "sourceLocale": "en-US",
        "state": "new",
        "target": "Umsetzung 5",
        "targetLocale": "de-DE",
      },
      ResourceString {
        "autoKey": false,
        "comment": "this is a comment for resource6",
        "context": undefined,
        "datatype": "properties",
        "dirty": false,
        "dnt": undefined,
        "flavor": undefined,
        "formatted": undefined,
        "id": undefined,
        "index": undefined,
        "instances": [],
        "localize": true,
        "location": undefined,
        "origin": "source",
        "pathName": "./test/testfiles/test3_de-DE.properties",
        "project": undefined,
        "resType": "string",
        "reskey": "resource6",
        "source": "translation 6",
        "sourceHash": undefined,
        "sourceLocale": "en-US",
        "state": "new",
        "target": "Umsetzung 6",
        "targetLocale": "de-DE",
      },
      ResourceString {
        "autoKey": false,
        "comment": undefined,
        "context": undefined,
        "datatype": "properties",
        "dirty": false,
        "dnt": undefined,
        "flavor": undefined,
        "formatted": undefined,
        "id": undefined,
        "index": undefined,
        "instances": [],
        "localize": true,
        "location": undefined,
        "origin": "source",
        "pathName": "./test/testfiles/test3_de-DE.properties",
        "project": undefined,
        "resType": "string",
        "reskey": "resource7",
        "source": "translation 7",
        "sourceHash": undefined,
        "sourceLocale": "en-US",
        "state": "new",
        "target": "Umsetzung 7",
        "targetLocale": "de-DE",
      },
    ],
    "stats": undefined,
    "type": "resource",
  },
  IntermediateRepresentation {
    "filePath": "./test/testfiles/test3_de-DE.properties",
    "ir": "resource1 = Umsetzung 1
resource2 = Umsetzung 2

resource3 = Umsetzung 3

resource4 = Umsetzung 4

resource5 = Umsetzung 5

# this is a comment for resource6 which is ignored
resource6 = Umsetzung 6

resource7: Umsetzung 7
",
    "stats": undefined,
    "type": "string",
  },
]
`;
